stm32l4xx_ll_rtc.h:843:22:LL_RTC_SetHourFormat	16	static
stm32l4xx_ll_rtc.h:856:26:LL_RTC_GetHourFormat	16	static
stm32l4xx_ll_rtc.h:931:22:LL_RTC_EnableInitMode	16	static
stm32l4xx_ll_rtc.h:943:22:LL_RTC_DisableInitMode	16	static
stm32l4xx_ll_rtc.h:1006:26:LL_RTC_IsShadowRegBypassEnabled	16	static
stm32l4xx_ll_rtc.h:1044:22:LL_RTC_SetAsynchPrescaler	24	static
stm32l4xx_ll_rtc.h:1056:22:LL_RTC_SetSynchPrescaler	16	static
stm32l4xx_ll_rtc.h:1089:22:LL_RTC_EnableWriteProtection	16	static
stm32l4xx_ll_rtc.h:1100:22:LL_RTC_DisableWriteProtection	16	static
stm32l4xx_ll_rtc.h:1304:22:LL_RTC_TIME_Config	72	static
stm32l4xx_ll_rtc.h:1638:22:LL_RTC_DATE_Config	80	static
stm32l4xx_ll_rtc.h:1719:22:LL_RTC_ALMA_SetMask	16	static
stm32l4xx_ll_rtc.h:1750:22:LL_RTC_ALMA_EnableWeekday	16	static
stm32l4xx_ll_rtc.h:1761:22:LL_RTC_ALMA_DisableWeekday	16	static
stm32l4xx_ll_rtc.h:1775:22:LL_RTC_ALMA_SetDay	32	static
stm32l4xx_ll_rtc.h:1811:22:LL_RTC_ALMA_SetWeekDay	24	static
stm32l4xx_ll_rtc.h:1972:22:LL_RTC_ALMA_ConfigTime	72	static
stm32l4xx_ll_rtc.h:2097:22:LL_RTC_ALMB_SetMask	16	static
stm32l4xx_ll_rtc.h:2128:22:LL_RTC_ALMB_EnableWeekday	16	static
stm32l4xx_ll_rtc.h:2139:22:LL_RTC_ALMB_DisableWeekday	16	static
stm32l4xx_ll_rtc.h:2153:22:LL_RTC_ALMB_SetDay	32	static
stm32l4xx_ll_rtc.h:2189:22:LL_RTC_ALMB_SetWeekDay	24	static
stm32l4xx_ll_rtc.h:2350:22:LL_RTC_ALMB_ConfigTime	72	static
stm32l4xx_ll_rtc.h:3557:26:LL_RTC_IsActiveFlag_INIT	16	static
stm32l4xx_ll_rtc.h:3568:26:LL_RTC_IsActiveFlag_RS	16	static
stm32l4xx_ll_rtc.h:3579:22:LL_RTC_ClearFlag_RS	16	static
stm32l4xx_ll_cortex.h:248:26:LL_SYSTICK_IsActiveCounterFlag	4	static
stm32l4xx_ll_rtc.c:167:13:LL_RTC_DeInit	24	static
stm32l4xx_ll_rtc.c:231:13:LL_RTC_Init	24	static
stm32l4xx_ll_rtc.c:270:6:LL_RTC_StructInit	16	static
stm32l4xx_ll_rtc.c:290:13:LL_RTC_TIME_Init	56	static
stm32l4xx_ll_rtc.c:372:6:LL_RTC_TIME_StructInit	16	static
stm32l4xx_ll_rtc.c:393:13:LL_RTC_DATE_Init	56	static
stm32l4xx_ll_rtc.c:460:6:LL_RTC_DATE_StructInit	16	static
stm32l4xx_ll_rtc.c:483:13:LL_RTC_ALMA_Init	48	static
stm32l4xx_ll_rtc.c:601:13:LL_RTC_ALMB_Init	48	static
stm32l4xx_ll_rtc.c:711:6:LL_RTC_ALMA_StructInit	16	static
stm32l4xx_ll_rtc.c:733:6:LL_RTC_ALMB_StructInit	16	static
stm32l4xx_ll_rtc.c:758:13:LL_RTC_EnterInitMode	32	static
stm32l4xx_ll_rtc.c:802:13:LL_RTC_ExitInitMode	16	static
stm32l4xx_ll_rtc.c:829:13:LL_RTC_WaitForSynchro	32	static
