stm32l4xx_ll_rcc.h:1409:22:LL_RCC_HSE_DisableBypass	4	static
stm32l4xx_ll_rcc.h:1498:26:LL_RCC_HSI_IsReady	4	static
stm32l4xx_ll_rcc.h:1543:22:LL_RCC_HSI_SetCalibTrimming	24	static
stm32l4xx_ll_rcc.h:1713:26:LL_RCC_LSE_IsReady	4	static
stm32l4xx_ll_rcc.h:1761:26:LL_RCC_LSI_IsReady	4	static
stm32l4xx_ll_rcc.h:1779:22:LL_RCC_MSI_Enable	4	static
stm32l4xx_ll_rcc.h:1799:26:LL_RCC_MSI_IsReady	4	static
stm32l4xx_ll_rcc.h:1848:26:LL_RCC_MSI_IsEnabledRangeSelect	4	static
stm32l4xx_ll_rcc.h:1871:22:LL_RCC_MSI_SetRange	16	static
stm32l4xx_ll_rcc.h:1893:26:LL_RCC_MSI_GetRange	4	static
stm32l4xx_ll_rcc.h:1922:26:LL_RCC_MSI_GetRangeAfterStandby	4	static
stm32l4xx_ll_rcc.h:1946:22:LL_RCC_MSI_SetCalibTrimming	24	static
stm32l4xx_ll_rcc.h:2046:26:LL_RCC_GetSysClkSource	4	static
stm32l4xx_ll_rcc.h:2117:26:LL_RCC_GetAHBPrescaler	4	static
stm32l4xx_ll_rcc.h:2132:26:LL_RCC_GetAPB1Prescaler	4	static
stm32l4xx_ll_rcc.h:2147:26:LL_RCC_GetAPB2Prescaler	4	static
stm32l4xx_ll_rcc.h:2469:26:LL_RCC_GetUSARTClockSource	16	static
stm32l4xx_ll_rcc.h:2491:26:LL_RCC_GetUARTClockSource	16	static
stm32l4xx_ll_rcc.h:2508:26:LL_RCC_GetLPUARTClockSource	16	static
stm32l4xx_ll_rcc.h:2539:26:LL_RCC_GetI2CClockSource	24	static
stm32l4xx_ll_rcc.h:2561:26:LL_RCC_GetLPTIMClockSource	16	static
stm32l4xx_ll_rcc.h:2586:26:LL_RCC_GetSAIClockSource	16	static
stm32l4xx_ll_rcc.h:2602:26:LL_RCC_GetSDMMCClockSource	16	static
stm32l4xx_ll_rcc.h:2618:26:LL_RCC_GetRNGClockSource	16	static
stm32l4xx_ll_rcc.h:2654:26:LL_RCC_GetADCClockSource	16	static
stm32l4xx_ll_rcc.h:2669:26:LL_RCC_GetSWPMIClockSource	16	static
stm32l4xx_ll_rcc.h:2815:26:LL_RCC_PLL_IsReady	4	static
stm32l4xx_ll_rcc.h:3002:26:LL_RCC_PLL_GetN	16	static
stm32l4xx_ll_rcc.h:3057:26:LL_RCC_PLL_GetP	4	static
stm32l4xx_ll_rcc.h:3073:26:LL_RCC_PLL_GetQ	4	static
stm32l4xx_ll_rcc.h:3088:26:LL_RCC_PLL_GetR	4	static
stm32l4xx_ll_rcc.h:3102:26:LL_RCC_PLL_GetMainSource	4	static
stm32l4xx_ll_rcc.h:3120:26:LL_RCC_PLL_GetDivider	4	static
stm32l4xx_ll_rcc.h:3230:26:LL_RCC_PLLSAI1_IsReady	4	static
stm32l4xx_ll_rcc.h:3418:26:LL_RCC_PLLSAI1_GetN	16	static
stm32l4xx_ll_rcc.h:3470:26:LL_RCC_PLLSAI1_GetP	4	static
stm32l4xx_ll_rcc.h:3489:26:LL_RCC_PLLSAI1_GetQ	4	static
stm32l4xx_ll_rcc.h:3504:26:LL_RCC_PLLSAI1_GetR	4	static
stm32l4xx_ll_rcc.h:3609:26:LL_RCC_PLLSAI2_IsReady	4	static
stm32l4xx_ll_rcc.h:3693:26:LL_RCC_PLLSAI2_GetN	16	static
stm32l4xx_ll_rcc.h:3706:26:LL_RCC_PLLSAI2_GetP	4	static
stm32l4xx_ll_rcc.h:3721:26:LL_RCC_PLLSAI2_GetR	4	static
stm32l4xx_ll_rcc.c:176:13:LL_RCC_DeInit	40	static
stm32l4xx_ll_rcc.c:274:6:LL_RCC_GetSystemClocksFreq	16	static
stm32l4xx_ll_rcc.c:300:10:LL_RCC_GetUSARTClockFreq	24	static
stm32l4xx_ll_rcc.c:411:10:LL_RCC_GetUARTClockFreq	24	static
stm32l4xx_ll_rcc.c:498:10:LL_RCC_GetI2CClockFreq	24	static
stm32l4xx_ll_rcc.c:614:10:LL_RCC_GetLPUARTClockFreq	24	static
stm32l4xx_ll_rcc.c:659:10:LL_RCC_GetLPTIMClockFreq	24	static
stm32l4xx_ll_rcc.c:748:10:LL_RCC_GetSAIClockFreq	24	static
stm32l4xx_ll_rcc.c:840:10:LL_RCC_GetSDMMCClockFreq	24	static
stm32l4xx_ll_rcc.c:891:10:LL_RCC_GetRNGClockFreq	24	static
stm32l4xx_ll_rcc.c:996:10:LL_RCC_GetADCClockFreq	24	static
stm32l4xx_ll_rcc.c:1042:10:LL_RCC_GetSWPMIClockFreq	24	static
stm32l4xx_ll_rcc.c:1116:10:RCC_GetSystemClockFreq	16	static
stm32l4xx_ll_rcc.c:1158:10:RCC_GetHCLKClockFreq	24	static
stm32l4xx_ll_rcc.c:1169:10:RCC_GetPCLK1ClockFreq	24	static
stm32l4xx_ll_rcc.c:1180:10:RCC_GetPCLK2ClockFreq	24	static
stm32l4xx_ll_rcc.c:1190:10:RCC_PLL_GetFreqDomain_SYS	40	static
stm32l4xx_ll_rcc.c:1230:10:RCC_PLL_GetFreqDomain_SAI	32	static
stm32l4xx_ll_rcc.c:1271:10:RCC_PLL_GetFreqDomain_48M	40	static
stm32l4xx_ll_rcc.c:1312:10:RCC_PLLSAI1_GetFreqDomain_SAI	32	static
stm32l4xx_ll_rcc.c:1353:10:RCC_PLLSAI1_GetFreqDomain_48M	40	static
stm32l4xx_ll_rcc.c:1394:10:RCC_PLLSAI1_GetFreqDomain_ADC	40	static
stm32l4xx_ll_rcc.c:1436:10:RCC_PLLSAI2_GetFreqDomain_SAI	32	static
stm32l4xx_ll_rcc.c:1477:10:RCC_PLLSAI2_GetFreqDomain_ADC	40	static
