core_cm4.h:1626:22:void NVIC_EnableIRQ(IRQn_Type)	16	static
core_cm4.h:1698:22:void NVIC_SetPriority(IRQn_Type, uint32_t)	16	static
core_cm4.h:1830:26:uint32_t SysTick_Config(uint32_t)	16	static
stm32l4xx_ll_bus.h:477:22:void LL_AHB2_GRP1_EnableClock(uint32_t)	24	static
stm32l4xx_ll_bus.h:907:22:void LL_APB1_GRP1_EnableClock(uint32_t)	24	static
stm32l4xx_ll_bus.h:1477:22:void LL_APB2_GRP1_EnableClock(uint32_t)	24	static
stm32l4xx_ll_exti.h:319:22:void LL_EXTI_EnableIT_0_31(uint32_t)	16	static
stm32l4xx_ll_exti.h:740:22:void LL_EXTI_EnableRisingTrig_0_31(uint32_t)	16	static
stm32l4xx_ll_exti.h:933:22:void LL_EXTI_EnableFallingTrig_0_31(uint32_t)	16	static
stm32l4xx_ll_exti.h:1301:22:void LL_EXTI_ClearFlag_0_31(uint32_t)	16	static
stm32l4xx_ll_tim.h:1444:22:void LL_TIM_EnableCounter(TIM_TypeDef*)	16	static
stm32l4xx_ll_tim.h:1547:22:void LL_TIM_SetOnePulseMode(TIM_TypeDef*, uint32_t)	16	static
stm32l4xx_ll_tim.h:1725:22:void LL_TIM_SetPrescaler(TIM_TypeDef*, uint32_t)	16	static
stm32l4xx_ll_tim.h:1752:22:void LL_TIM_SetAutoReload(TIM_TypeDef*, uint32_t)	16	static
stm32l4xx_ll_tim.h:4311:22:void LL_TIM_EnableIT_UPDATE(TIM_TypeDef*)	16	static
stm32l4xx_ll_tim.h:4820:22:void LL_TIM_GenerateEvent_UPDATE(TIM_TypeDef*)	16	static
init.cpp:5:6:void Init_SystemClock()	4	static
init.cpp:35:6:void Init_PeriphClock()	8	static
init.cpp:50:6:void Init_GPIO()	32	static
init.cpp:101:6:void Init_Timers()	8	static
init.cpp:117:6:void Init_Interrupts()	8	static
init.cpp:135:6:void Init_Hardware()	8	static
